pi@raspberrypi:~ $ uname -a
Linux raspberrypi 5.10.11-v8+ #1399 SMP PREEMPT Thu Jan 28 12:14:03 GMT 2021 aarch64 GNU/Linux
pi@raspberrypi:~ $ aplay -l
**** List of PLAYBACK Hardware Devices ****
card 0: b1 [bcm2835 HDMI 1], device 0: bcm2835 HDMI 1 [bcm2835 HDMI 1]
  Subdevices: 4/4
  Subdevice #0: subdevice #0
  Subdevice #1: subdevice #1
  Subdevice #2: subdevice #2
  Subdevice #3: subdevice #3
card 1: Headphones [bcm2835 Headphones], device 0: bcm2835 Headphones [bcm2835 Headphones]
  Subdevices: 4/4
  Subdevice #0: subdevice #0
  Subdevice #1: subdevice #1
  Subdevice #2: subdevice #2
  Subdevice #3: subdevice #3
pi@raspberrypi:~ $ git clone https://github.com/waveshare/WM8960-Audio-HAT
Cloning into 'WM8960-Audio-HAT'...
remote: Enumerating objects: 4, done.
remote: Counting objects: 100% (4/4), done.
remote: Compressing objects: 100% (4/4), done.
remote: Total 55 (delta 0), reused 2 (delta 0), pack-reused 51
Unpacking objects: 100% (55/55), done.
pi@raspberrypi:~ $ cd WM8960-Audio-HAT
pi@raspberrypi:~/WM8960-Audio-HAT $ sudo ./install.sh 
Hit:1 http://deb.debian.org/debian buster InRelease
Hit:2 http://deb.debian.org/debian-security buster/updates InRelease
Hit:3 http://archive.raspberrypi.org/debian buster InRelease   
Hit:4 http://deb.debian.org/debian buster-updates InRelease    
Get:5 http://packages.microsoft.com/repos/code stable InRelease [10.4 kB]
Get:6 http://packages.microsoft.com/repos/code stable/main arm64 Packages [12.2 kB]
Get:7 http://packages.microsoft.com/repos/code stable/main amd64 Packages [11.5 kB]
Get:8 http://packages.microsoft.com/repos/code stable/main armhf Packages [12.0 kB]
Fetched 46.1 kB in 2s (19.9 kB/s)                          
Reading package lists... Done
Building dependency tree       
Reading state information... Done
All packages are up to date.
Reading package lists... Done
Building dependency tree       
Reading state information... Done
raspberrypi-kernel is already the newest version (1.20210201-1).
The following package was automatically installed and is no longer required:
  lxplug-volume
Use 'sudo apt autoremove' to remove it.
The following NEW packages will be installed:
  raspberrypi-kernel-headers
0 upgraded, 1 newly installed, 0 to remove and 0 not upgraded.
Need to get 9,329 kB of archives.
After this operation, 59.8 MB of additional disk space will be used.
Get:1 http://archive.raspberrypi.org/debian buster/main arm64 raspberrypi-kernel-headers arm64 1.20210201-1 [9,329 kB]
Fetched 9,329 kB in 3s (2,794 kB/s)                     
Selecting previously unselected package raspberrypi-kernel-headers.
(Reading database ... 89277 files and directories currently installed.)
Preparing to unpack .../raspberrypi-kernel-headers_1.20210201-1_arm64.deb ...
Unpacking raspberrypi-kernel-headers (1.20210201-1) ...
Setting up raspberrypi-kernel-headers (1.20210201-1) ...
Reading package lists... Done
Building dependency tree       
Reading state information... Done
libasound2-plugins is already the newest version (1.1.8-1).
libasound2-plugins set to manually installed.
git is already the newest version (1:2.20.1-2+deb10u3).
i2c-tools is already the newest version (4.1-1).
i2c-tools set to manually installed.
The following package was automatically installed and is no longer required:
  lxplug-volume
Use 'sudo apt autoremove' to remove it.
Suggested packages:
  python3-apport menu
The following NEW packages will be installed:
  dkms
0 upgraded, 1 newly installed, 0 to remove and 0 not upgraded.
Need to get 74.4 kB of archives.
After this operation, 285 kB of additional disk space will be used.
Get:1 http://deb.debian.org/debian buster/main arm64 dkms all 2.6.1-4 [74.4 kB]
Fetched 74.4 kB in 0s (452 kB/s)
Selecting previously unselected package dkms.
(Reading database ... 107560 files and directories currently installed.)
Preparing to unpack .../archives/dkms_2.6.1-4_all.deb ...
Unpacking dkms (2.6.1-4) ...
Setting up dkms (2.6.1-4) ...
Processing triggers for man-db (2.8.5-2) ...

Creating symlink /var/lib/dkms/wm8960-soundcard/1.0/source ->
                 /usr/src/wm8960-soundcard-1.0

DKMS: add completed.

Kernel preparation unnecessary for this kernel.  Skipping...

Building module:
cleaning build area...
make -j4 KERNELRELEASE=5.10.11-v8+ -C /lib/modules/5.10.11-v8+/build M=/var/lib/dkms/wm8960-soundcard/1.0/build.....
cleaning build area...

DKMS: build completed.

snd-soc-wm8960.ko:
Running module version sanity check.
 - Original module
   - No original module exists within this kernel
 - Installation
   - Installing to /lib/modules/5.10.11-v8+/updates/dkms/

snd-soc-wm8960-soundcard.ko:
Running module version sanity check.
 - Original module
   - No original module exists within this kernel
 - Installation
   - Installing to /lib/modules/5.10.11-v8+/updates/dkms/

depmod....

DKMS: install completed.
Created symlink /etc/systemd/system/sysinit.target.wants/wm8960-soundcard.service â†’ /lib/systemd/system/wm8960-soundcard.service.
Job for wm8960-soundcard.service failed because the control process exited with error code.
See "systemctl status wm8960-soundcard.service" and "journalctl -xe" for details.
------------------------------------------------------
Please reboot your raspberry pi to apply all settings
Enjoy!
------------------------------------------------------
pi@raspberrypi:~/WM8960-Audio-HAT $ 
pi@raspberrypi:~ $ aplay -l
**** List of PLAYBACK Hardware Devices ****
card 0: b1 [bcm2835 HDMI 1], device 0: bcm2835 HDMI 1 [bcm2835 HDMI 1]
  Subdevices: 4/4
  Subdevice #0: subdevice #0
  Subdevice #1: subdevice #1
  Subdevice #2: subdevice #2
  Subdevice #3: subdevice #3
card 1: Headphones [bcm2835 Headphones], device 0: bcm2835 Headphones [bcm2835 Headphones]
  Subdevices: 4/4
  Subdevice #0: subdevice #0
  Subdevice #1: subdevice #1
  Subdevice #2: subdevice #2
  Subdevice #3: subdevice #3
card 2: wm8960soundcard [wm8960-soundcard], device 0: bcm2835-i2s-wm8960-hifi wm8960-hifi-0 [bcm2835-i2s-wm8960-hifi wm8960-hifi-0]
  Subdevices: 1/1
  Subdevice #0: subdevice #0
pi@raspberrypi:~ $ 


